mkdir: cannot create directory '../io3D/': File exists
mkdir: cannot create directory '../io3D/outputs/': File exists
Starting Simulation
******************************************************************************
Generating 3D structured initial mesh
-----------------------------------------------------------------------------
Nx by Ny by Nz: 20 x 20 x 20 | origin: 0,0,0
******************************************************************************
# 3D EP: 0
# elements: 8000
35005500 6000500 200050006500 1000 45002500 70004000     75003000 1500    Bezier extracting...
# Bezier: 8000
500 2000 3000 3500 2500 1000 1500 4000 6000 5000 4500 7000 7500 6500 5500 DONE!
******************************************************************************
METIS 5.0 Copyright 1998-13, Regents of the University of Minnesota
 (HEAD: , Built on: Aug 12 2018, 15:17:09)
 size of idx_t: 32bits, real_t: 32bits, idx_t *: 64bits

Mesh Information ------------------------------------------------------------
 Name: ../io3D/bzmeshinfo.txt, #Elements: 8000, #Nodes: 9261, #Parts: 16

Options ---------------------------------------------------------------------
 ptype=kway, objtype=cut, ctype=shem, rtype=greedy, iptype=metisrb
 dbglvl=0, ufactor=1.030, minconn=NO, contig=NO, nooutput=NO
 seed=-1, niter=10, ncuts=1
 gtype=dual, ncommon=1, niter=10, ncuts=1

Direct k-way Partitioning ---------------------------------------------------
 - Edgecut: 401987.


Timing Information ----------------------------------------------------------
  I/O:          		   0.015 sec
  Partitioning: 		   0.209 sec   (METIS time)
  Reporting:    		   0.000 sec

Memory Information ----------------------------------------------------------
  Max memory used:		  33.923 MB
******************************************************************************
Control Points Loaded!
Control Points Loaded!
Processor Assigned!
9261 9261 0
Initializing Neuron Growth Problem--------------------------------------------
Bounds for current control points:
max x: 20.000000, min x: 0.000000 | max y: 20.000000, min y: 0.000000 | max z: 20.000000, min z: 0.000000
Bounds for previous control points:
max px: 2774608796599713792.000000, min px: 0.000000 | max py: 0.000000, min py: 0.000000 | max pz: 0.000000, min pz: 2774432874739269632.000000
Set initial guess!-----------------------------------------------------------
comRank: 0/16 - with element process size: 485
comRank: 1/16 - with element process size: 515
comRank: 2/16 - with element process size: 515
comRank: 3/16 - with element process size: 485
comRank: 4/16 - with element process size: 515
comRank: 5/16 - with element process size: 485
comRank: 6/16 - with element process size: 514
comRank: 7/16 - with element process size: 485
comRank: 8/16 - with element process size: 496
comRank: 9/16 - with element process size: 485
comRank: 10/16 - with element process size: 515
comRank: 11/16 - with element process size: 500
comRank: 12/16 - with element process size: 511
comRank: 13/16 - with element process size: 485
comRank: 14/16 - with element process size: 494
comRank: 15/16 - with element process size: 515
Bezier Matrices Loaded!
Bezier Points Loaded!
Read bzmesh!-----------------------------------------------------------------
Saving all variables!--------------------------------------------------------
Prepared basis!--------------------------------------------------------------
Calculated sum grad phi0!----------------------------------------------------
Prepared variables!----------------------------------------------------------
-----------------------------------------------------------------------------------------
Identifying neurons, calculating geodesic distances, and detecting tips
Step: 0/350000 | Wrote Physical Domain! | Average time 0.003410s | Total time: 0.341041 |
-----------------------------------------------------------------------------------------
SNES Object: 16 MPI processes
  type: newtonls
  SNES has not been set up so information may be incomplete
  maximum iterations=100, maximum function evaluations=1000
  tolerances: relative=1e-07, absolute=1e-05, solution=1e-09
  total number of linear solver iterations=0
  total number of function evaluations=0
  norm schedule ALWAYS
  SNESLineSearch Object: 16 MPI processes
    type: cp
    maxstep=1.000000e+08, minlambda=1.000000e-12
    tolerances: relative=1.000000e-08, absolute=1.000000e-15, lambda=1.000000e-08
    maximum iterations=1
  KSP Object: 16 MPI processes
    type not yet set
    maximum iterations=10000, initial guess is zero
    tolerances:  relative=1e-05, absolute=1e-50, divergence=10000.
    left preconditioning
    using DEFAULT norm type for convergence test
KSP Object: 16 MPI processes
  type: gmres
    restart=30, using Classical (unmodified) Gram-Schmidt Orthogonalization with no iterative refinement
    happy breakdown tolerance 1e-30
  maximum iterations=100000, nonzero initial guess
  tolerances:  relative=1e-08, absolute=1e-50, divergence=10000.
  left preconditioning
  using PRECONDITIONED norm type for convergence test
PC Object: 16 MPI processes
  type: bjacobi
    number of blocks = 16
    Local solver information for first block is in the following KSP and PC objects on rank 0:
    Use -ksp_view ::ascii_info_detail to display information for all blocks
  KSP Object: (sub_) 1 MPI process
    type: preonly
    maximum iterations=10000, initial guess is zero
    tolerances:  relative=1e-05, absolute=1e-50, divergence=10000.
    left preconditioning
    using DEFAULT norm type for convergence test
  PC Object: (sub_) 1 MPI process
    type: ilu
    PC has not been set up so information may be incomplete
      out-of-place factorization
      0 levels of fill
      tolerance for zero pivot 2.22045e-14
    linear system matrix = precond matrix:
    Mat Object: (sub_) 1 MPI process
      type: seqaij
      rows=579, cols=579
      total: nonzeros=33627, allocated nonzeros=144750
      total number of mallocs used during MatSetValues calls=0
        not using I-node routines
  linear system matrix = precond matrix:
  Mat Object: 16 MPI processes
    type: mpiaij
    rows=9261, cols=9261
    total: nonzeros=2460375, allocated nonzeros=4738335
    total number of mallocs used during MatSetValues calls=7189
      not using I-node (on process 0) routines
KSP Object: 16 MPI processes
  type: gmres
    restart=30, using Classical (unmodified) Gram-Schmidt Orthogonalization with no iterative refinement
    happy breakdown tolerance 1e-30
  maximum iterations=100000, nonzero initial guess
  tolerances:  relative=1e-08, absolute=1e-50, divergence=10000.
  left preconditioning
  using PRECONDITIONED norm type for convergence test
PC Object: 16 MPI processes
  type: bjacobi
    number of blocks = 16
    Local solver information for first block is in the following KSP and PC objects on rank 0:
    Use -ksp_view ::ascii_info_detail to display information for all blocks
  KSP Object: (sub_) 1 MPI process
    type: preonly
    maximum iterations=10000, initial guess is zero
    tolerances:  relative=1e-05, absolute=1e-50, divergence=10000.
    left preconditioning
    using DEFAULT norm type for convergence test
  PC Object: (sub_) 1 MPI process
    type: ilu
    PC has not been set up so information may be incomplete
      out-of-place factorization
      0 levels of fill
      tolerance for zero pivot 2.22045e-14
    linear system matrix = precond matrix:
    Mat Object: (sub_) 1 MPI process
      type: seqaij
      rows=579, cols=579
      total: nonzeros=33627, allocated nonzeros=144750
      total number of mallocs used during MatSetValues calls=0
        not using I-node routines
  linear system matrix = precond matrix:
  Mat Object: 16 MPI processes
    type: mpiaij
    rows=9261, cols=9261
    total: nonzeros=2460375, allocated nonzeros=4738335
    total number of mallocs used during MatSetValues calls=7189
      not using I-node (on process 0) routines
Step:0/350000 | Phi:2[2]4.659s | Syn:2[44]1.171s | Tub:2[34]0.011s | Mesh:8000 |
Step:1/350000 | Phi:2[2]5.576s | Syn:2[42]0.546s | Tub:2[28]0.009s | Mesh:8000 |
Step:2/350000 | Phi:2[2]5.734s | Syn:2[40]0.535s | Tub:2[27]0.008s | Mesh:8000 |
Step:3/350000 | Phi:2[2]5.613s | Syn:2[38]0.561s | Tub:2[27]0.009s | Mesh:8000 |
Step:4/350000 | Phi:2[1]3.264s | Syn:2[37]0.542s | Tub:2[27]0.008s | Mesh:8000 |
Step:5/350000 | Phi:2[1]3.339s | Syn:2[36]0.556s | Tub:2[27]0.009s | Mesh:8000 |
Step:6/350000 | Phi:2[1]3.325s | Syn:2[35]0.552s | Tub:2[27]0.009s | Mesh:8000 |
Step:7/350000 | Phi:2[1]3.256s | Syn:2[35]0.552s | Tub:2[26]0.008s | Mesh:8000 |
Step:8/350000 | Phi:2[1]3.178s | Syn:2[35]0.552s | Tub:2[26]0.008s | Mesh:8000 |
Step:9/350000 | Phi:2[1]3.194s | Syn:2[34]0.552s | Tub:2[26]0.008s | Mesh:8000 |
Step:10/350000 | Phi:2[1]3.486s | Syn:2[34]0.544s | Tub:2[26]0.008s | Mesh:8000 |
Step:11/350000 | Phi:2[1]3.334s | Syn:2[33]0.552s | Tub:2[26]0.008s | Mesh:8000 |
Step:12/350000 | Phi:2[1]3.329s | Syn:2[33]0.554s | Tub:2[26]0.008s | Mesh:8000 |
Step:13/350000 | Phi:2[1]3.265s | Syn:2[33]0.551s | Tub:2[26]0.008s | Mesh:8000 |
Step:14/350000 | Phi:2[1]3.194s | Syn:2[32]0.550s | Tub:2[26]0.008s | Mesh:8000 |
Step:15/350000 | Phi:2[1]3.210s | Syn:2[32]0.548s | Tub:2[26]0.008s | Mesh:8000 |
Step:16/350000 | Phi:2[1]3.178s | Syn:2[32]0.544s | Tub:2[26]0.008s | Mesh:8000 |
Step:17/350000 | Phi:2[1]3.280s | Syn:2[32]0.554s | Tub:2[25]0.008s | Mesh:8000 |
Step:18/350000 | Phi:2[1]3.311s | Syn:2[32]0.548s | Tub:2[25]0.008s | Mesh:8000 |
Step:19/350000 | Phi:2[1]3.260s | Syn:2[31]0.548s | Tub:2[25]0.008s | Mesh:8000 |
Step:20/350000 | Phi:2[1]3.185s | Syn:2[31]0.549s | Tub:2[25]0.008s | Mesh:8000 |
Step:21/350000 | Phi:2[1]3.192s | Syn:2[31]0.552s | Tub:2[25]0.008s | Mesh:8000 |
Step:22/350000 | Phi:2[1]3.273s | Syn:2[31]0.550s | Tub:2[25]0.008s | Mesh:8000 |
Step:23/350000 | Phi:2[1]3.241s | Syn:2[30]0.549s | Tub:2[25]0.008s | Mesh:8000 |
Step:24/350000 | Phi:2[1]3.125s | Syn:2[30]0.558s | Tub:2[25]0.008s | Mesh:8000 |
Step:25/350000 | Phi:2[1]3.281s | Syn:2[30]0.609s | Tub:2[25]0.008s | Mesh:8000 |
Step:26/350000 | Phi:2[1]3.139s | Syn:2[30]0.548s | Tub:2[25]0.010s | Mesh:8000 |
Step:27/350000 | Phi:2[1]3.170s | Syn:2[30]0.553s | Tub:2[25]0.008s | Mesh:8000 |
Step:28/350000 | Phi:2[1]3.303s | Syn:2[30]0.554s | Tub:2[25]0.007s | Mesh:8000 |
Step:29/350000 | Phi:2[2]5.583s | Syn:2[30]0.548s | Tub:2[25]0.008s | Mesh:8000 |
Step:30/350000 | Phi:2[1]3.298s | Syn:2[30]0.564s | Tub:2[25]0.008s | Mesh:8000 |
Step:31/350000 | Phi:2[1]3.273s | Syn:2[30]0.555s | Tub:2[25]0.008s | Mesh:8000 |
Step:32/350000 | Phi:2[2]5.515s | Syn:2[29]0.555s | Tub:2[25]0.008s | Mesh:8000 |
Step:33/350000 | Phi:2[1]3.184s | Syn:2[29]0.532s | Tub:2[24]0.008s | Mesh:8000 |
Step:34/350000 | Phi:2[1]3.316s | Syn:2[29]0.572s | Tub:2[24]0.008s | Mesh:8000 |
