mkdir: cannot create directory '../io3D/': File exists
mkdir: cannot create directory '../io3D/outputs/': File exists
Starting Simulation
******************************************************************************
Generating 3D structured initial mesh
-----------------------------------------------------------------------------
Nx by Ny by Nz: 20 x 20 x 20 | origin: 0,0,0
******************************************************************************
# 3D EP: 0
# elements: 8000
4500 1500 6000 5500 7500 2000 7000 4000 6500 5000 1000 2500 500 3000 3500 Bezier extracting...
# Bezier: 8000
3500 1000 4000 4500 6500 1500 6000 7500 2000 500 5500 5000 3000 2500 7000 DONE!
******************************************************************************
METIS 5.0 Copyright 1998-13, Regents of the University of Minnesota
 (HEAD: , Built on: Aug 12 2018, 15:17:09)
 size of idx_t: 32bits, real_t: 32bits, idx_t *: 64bits

Mesh Information ------------------------------------------------------------
 Name: ../io3D/bzmeshinfo.txt, #Elements: 8000, #Nodes: 9261, #Parts: 128

Options ---------------------------------------------------------------------
 ptype=kway, objtype=cut, ctype=shem, rtype=greedy, iptype=metisrb
 dbglvl=0, ufactor=1.030, minconn=NO, contig=NO, nooutput=NO
 seed=-1, niter=10, ncuts=1
 gtype=dual, ncommon=1, niter=10, ncuts=1

Direct k-way Partitioning ---------------------------------------------------
 - Edgecut: 830858.


Timing Information ----------------------------------------------------------
  I/O:          		   0.015 sec
  Partitioning: 		   0.818 sec   (METIS time)
  Reporting:    		   0.000 sec

Memory Information ----------------------------------------------------------
  Max memory used:		  39.234 MB
******************************************************************************
Control Points Loaded!
Control Points Loaded!
Processor Assigned!
9261 9261 0
Initializing Neuron Growth Problem--------------------------------------------
Bounds for current control points:
max x: 20.000000, min x: 0.000000 | max y: 20.000000, min y: 0.000000 | max z: 20.000000, min z: 0.000000
Bounds for previous control points:
max px: 0.000000, min px: -182049.812500 | max py: 0.000000, min py: 0.000000 | max pz: 0.000000, min pz: 0.000000
Set initial guess!-----------------------------------------------------------
[Rank 0/128] Element process size: 60
[Rank 1/128] Element process size: 62
[Rank 2/128] Element process size: 62
[Rank 3/128] Element process size: 64
[Rank 4/128] Element process size: 60
[Rank 5/128] Element process size: 60
[Rank 6/128] Element process size: 60
[Rank 7/128] Element process size: 59
[Rank 8/128] Element process size: 64
[Rank 9/128] Element process size: 64
[Rank 10/128] Element process size: 60
[Rank 11/128] Element process size: 63
[Rank 12/128] Element process size: 60
[Rank 13/128] Element process size: 63
[Rank 14/128] Element process size: 61
[Rank 15/128] Element process size: 60
[Rank 16/128] Element process size: 64
[Rank 17/128] Element process size: 64
[Rank 18/128] Element process size: 64
[Rank 19/128] Element process size: 62
[Rank 20/128] Element process size: 62
[Rank 21/128] Element process size: 62
[Rank 22/128] Element process size: 64
[Rank 23/128] Element process size: 60
[Rank 24/128] Element process size: 61
[Rank 25/128] Element process size: 64
[Rank 26/128] Element process size: 64
[Rank 27/128] Element process size: 60
[Rank 28/128] Element process size: 60
[Rank 29/128] Element process size: 60
[Rank 30/128] Element process size: 61
[Rank 31/128] Element process size: 64
[Rank 32/128] Element process size: 64
[Rank 33/128] Element process size: 59
[Rank 34/128] Element process size: 64
[Rank 35/128] Element process size: 64
[Rank 36/128] Element process size: 64
[Rank 37/128] Element process size: 64
[Rank 38/128] Element process size: 64
[Rank 39/128] Element process size: 64
[Rank 40/128] Element process size: 64
[Rank 41/128] Element process size: 64
[Rank 42/128] Element process size: 64
[Rank 43/128] Element process size: 64
[Rank 44/128] Element process size: 64
[Rank 45/128] Element process size: 64
[Rank 46/128] Element process size: 64
[Rank 47/128] Element process size: 64
[Rank 48/128] Element process size: 64
[Rank 49/128] Element process size: 64
[Rank 50/128] Element process size: 64
[Rank 51/128] Element process size: 62
[Rank 52/128] Element process size: 60
[Rank 53/128] Element process size: 63
[Rank 54/128] Element process size: 64
[Rank 55/128] Element process size: 64
[Rank 56/128] Element process size: 64
[Rank 57/128] Element process size: 64
[Rank 58/128] Element process size: 64
[Rank 59/128] Element process size: 64
[Rank 60/128] Element process size: 60
[Rank 61/128] Element process size: 60
[Rank 62/128] Element process size: 60
[Rank 63/128] Element process size: 64
[Rank 64/128] Element process size: 64
[Rank 65/128] Element process size: 64
[Rank 66/128] Element process size: 61
[Rank 67/128] Element process size: 64
[Rank 68/128] Element process size: 62
[Rank 69/128] Element process size: 64
[Rank 70/128] Element process size: 60
[Rank 71/128] Element process size: 60
[Rank 72/128] Element process size: 62
[Rank 73/128] Element process size: 60
[Rank 74/128] Element process size: 64
[Rank 75/128] Element process size: 60
[Rank 76/128] Element process size: 60
[Rank 77/128] Element process size: 60
[Rank 78/128] Element process size: 64
[Rank 79/128] Element process size: 64
[Rank 80/128] Element process size: 60
[Rank 81/128] Element process size: 64
[Rank 82/128] Element process size: 60
[Rank 83/128] Element process size: 64
[Rank 84/128] Element process size: 64
[Rank 85/128] Element process size: 60
[Rank 86/128] Element process size: 64
[Rank 87/128] Element process size: 64
[Rank 88/128] Element process size: 60
[Rank 89/128] Element process size: 64
[Rank 90/128] Element process size: 64
[Rank 91/128] Element process size: 60
[Rank 92/128] Element process size: 64
[Rank 93/128] Element process size: 64
[Rank 94/128] Element process size: 64
[Rank 95/128] Element process size: 64
[Rank 96/128] Element process size: 60
[Rank 97/128] Element process size: 60
[Rank 98/128] Element process size: 60
[Rank 99/128] Element process size: 64
[Rank 100/128] Element process size: 64
[Rank 101/128] Element process size: 61
[Rank 102/128] Element process size: 64
[Rank 103/128] Element process size: 61
[Rank 104/128] Element process size: 64
[Rank 105/128] Element process size: 64
[Rank 106/128] Element process size: 60
[Rank 107/128] Element process size: 64
[Rank 108/128] Element process size: 64
[Rank 109/128] Element process size: 64
[Rank 110/128] Element process size: 64
[Rank 111/128] Element process size: 64
[Rank 112/128] Element process size: 64
[Rank 113/128] Element process size: 64
[Rank 114/128] Element process size: 64
[Rank 115/128] Element process size: 60
[Rank 116/128] Element process size: 64
[Rank 117/128] Element process size: 60
[Rank 118/128] Element process size: 64
[Rank 119/128] Element process size: 63
[Rank 120/128] Element process size: 64
[Rank 121/128] Element process size: 61
[Rank 122/128] Element process size: 64
[Rank 123/128] Element process size: 64
[Rank 124/128] Element process size: 60
[Rank 125/128] Element process size: 63
[Rank 126/128] Element process size: 60
[Rank 127/128] Element process size: 60
Bezier Matrices Loaded!
Bezier Points Loaded!
Read bzmesh!-----------------------------------------------------------------
Saving all variables!--------------------------------------------------------
Prepared basis!--------------------------------------------------------------
Calculated sum grad phi0!----------------------------------------------------
Prepared variables!----------------------------------------------------------
-----------------------------------------------------------------------------------------
Identifying neurons, calculating geodesic distances, and detecting tips
Step: 0/350000 | Wrote Physical Domain! | Average time 0.000000s | Total time: 0.000000 |
-----------------------------------------------------------------------------------------
SNES Object: 128 MPI processes
  type: newtonls
  SNES has not been set up so information may be incomplete
  maximum iterations=100, maximum function evaluations=1000
  tolerances: relative=1e-07, absolute=1e-05, solution=1e-09
  total number of linear solver iterations=0
  total number of function evaluations=0
  norm schedule ALWAYS
  SNESLineSearch Object: 128 MPI processes
    type: cp
    maxstep=1.000000e+08, minlambda=1.000000e-12
    tolerances: relative=1.000000e-08, absolute=1.000000e-15, lambda=1.000000e-08
    maximum iterations=1
  KSP Object: 128 MPI processes
    type not yet set
    maximum iterations=10000, initial guess is zero
    tolerances:  relative=1e-05, absolute=1e-50, divergence=10000.
    left preconditioning
    using DEFAULT norm type for convergence test
KSP Object: 128 MPI processes
  type: gmres
    restart=30, using Classical (unmodified) Gram-Schmidt Orthogonalization with no iterative refinement
    happy breakdown tolerance 1e-30
  maximum iterations=100000, nonzero initial guess
  tolerances:  relative=1e-08, absolute=1e-50, divergence=10000.
  left preconditioning
  using PRECONDITIONED norm type for convergence test
PC Object: 128 MPI processes
  type: bjacobi
    number of blocks = 128
    Local solver information for first block is in the following KSP and PC objects on rank 0:
    Use -ksp_view ::ascii_info_detail to display information for all blocks
  KSP Object: (sub_) 1 MPI process
    type: preonly
    maximum iterations=10000, initial guess is zero
    tolerances:  relative=1e-05, absolute=1e-50, divergence=10000.
    left preconditioning
    using DEFAULT norm type for convergence test
  PC Object: (sub_) 1 MPI process
    type: ilu
    PC has not been set up so information may be incomplete
      out-of-place factorization
      0 levels of fill
      tolerance for zero pivot 2.22045e-14
    linear system matrix = precond matrix:
    Mat Object: (sub_) 1 MPI process
      type: seqaij
      rows=73, cols=73
      total: nonzeros=1657, allocated nonzeros=5329
      total number of mallocs used during MatSetValues calls=0
        not using I-node routines
  linear system matrix = precond matrix:
  Mat Object: 128 MPI processes
    type: mpiaij
    rows=9261, cols=9261
    total: nonzeros=2460375, allocated nonzeros=3278952
    total number of mallocs used during MatSetValues calls=19575
      not using I-node (on process 0) routines
KSP Object: 128 MPI processes
  type: gmres
    restart=30, using Classical (unmodified) Gram-Schmidt Orthogonalization with no iterative refinement
    happy breakdown tolerance 1e-30
  maximum iterations=100000, nonzero initial guess
  tolerances:  relative=1e-08, absolute=1e-50, divergence=10000.
  left preconditioning
  using PRECONDITIONED norm type for convergence test
PC Object: 128 MPI processes
  type: bjacobi
    number of blocks = 128
    Local solver information for first block is in the following KSP and PC objects on rank 0:
    Use -ksp_view ::ascii_info_detail to display information for all blocks
  KSP Object: (sub_) 1 MPI process
    type: preonly
    maximum iterations=10000, initial guess is zero
    tolerances:  relative=1e-05, absolute=1e-50, divergence=10000.
    left preconditioning
    using DEFAULT norm type for convergence test
  PC Object: (sub_) 1 MPI process
    type: ilu
    PC has not been set up so information may be incomplete
      out-of-place factorization
      0 levels of fill
      tolerance for zero pivot 2.22045e-14
    linear system matrix = precond matrix:
    Mat Object: (sub_) 1 MPI process
      type: seqaij
      rows=73, cols=73
      total: nonzeros=1657, allocated nonzeros=5329
      total number of mallocs used during MatSetValues calls=0
        not using I-node routines
  linear system matrix = precond matrix:
  Mat Object: 128 MPI processes
    type: mpiaij
    rows=9261, cols=9261
    total: nonzeros=2460375, allocated nonzeros=3278952
    total number of mallocs used during MatSetValues calls=19575
      not using I-node (on process 0) routines
Step:   0/350000 | Phi:  2[ 3] 3.17s | Syn:  2[81] 1.20s | Tub:  2[56] 0.01s | Mesh: 8000
Step:   1/350000 | Phi:  2[ 3] 1.18s | Syn:  2[79] 0.17s | Tub:  2[48] 0.01s | Mesh: 8000
Step:   2/350000 | Phi:  2[ 3] 0.99s | Syn:  2[76] 0.21s | Tub:  2[48] 0.01s | Mesh: 8000
Step:   3/350000 | Phi:  2[ 3] 1.20s | Syn:  2[74] 0.22s | Tub:  2[47] 0.01s | Mesh: 8000
Step:   4/350000 | Phi:  2[ 3] 0.58s | Syn:  2[72] 0.08s | Tub:  2[47] 0.01s | Mesh: 8000
Step:   5/350000 | Phi:  2[ 3] 2.06s | Syn:  2[71] 0.27s | Tub:  2[46] 0.01s | Mesh: 8000
Step:   6/350000 | Phi:  2[ 3] 0.70s | Syn:  2[69] 0.18s | Tub:  2[46] 0.01s | Mesh: 8000
Step:   7/350000 | Phi:  2[ 3] 1.59s | Syn:  2[68] 0.08s | Tub:  2[46] 0.01s | Mesh: 8000
Step:   8/350000 | Phi:  2[ 3] 2.01s | Syn:  2[66] 0.08s | Tub:  2[46] 0.01s | Mesh: 8000
Step:   9/350000 | Phi:  2[ 3] 0.59s | Syn:  2[64] 0.08s | Tub:  2[45] 0.01s | Mesh: 8000
Step:  10/350000 | Phi:  2[ 3] 2.21s | Syn:  2[63] 0.08s | Tub:  2[45] 0.00s | Mesh: 8000
Step:  11/350000 | Phi:  2[ 3] 1.96s | Syn:  2[62] 0.61s | Tub:  2[45] 0.01s | Mesh: 8000
Step:  12/350000 | Phi:  2[ 3] 0.69s | Syn:  2[62] 0.08s | Tub:  2[44] 0.00s | Mesh: 8000
Step:  13/350000 | Phi:  2[ 3] 2.08s | Syn:  2[61] 0.26s | Tub:  2[44] 0.00s | Mesh: 8000
Step:  14/350000 | Phi:  2[ 3] 1.48s | Syn:  2[60] 0.24s | Tub:  2[44] 0.01s | Mesh: 8000
Step:  15/350000 | Phi:  2[ 3] 1.75s | Syn:  2[60] 1.04s | Tub:  2[43] 0.01s | Mesh: 8000
Step:  16/350000 | Phi:  2[ 3] 0.57s | Syn:  2[60] 0.08s | Tub:  2[43] 0.00s | Mesh: 8000
Step:  17/350000 | Phi:  2[ 3] 0.57s | Syn:  2[59] 0.08s | Tub:  2[43] 0.00s | Mesh: 8000
Step:  18/350000 | Phi:  2[ 3] 0.57s | Syn:  2[59] 0.08s | Tub:  2[42] 0.00s | Mesh: 8000
Step:  19/350000 | Phi:  2[ 3] 0.56s | Syn:  2[59] 0.08s | Tub:  2[42] 0.01s | Mesh: 8000
Step:  20/350000 | Phi:  2[ 3] 0.57s | Syn:  2[58] 0.08s | Tub:  2[41] 0.00s | Mesh: 8000
Step:  21/350000 | Phi:  2[ 3] 0.56s | Syn:  2[58] 0.08s | Tub:  2[41] 0.00s | Mesh: 8000
Step:  22/350000 | Phi:  2[ 3] 0.82s | Syn:  2[58] 0.08s | Tub:  2[40] 0.00s | Mesh: 8000
Step:  23/350000 | Phi:  2[ 3] 0.57s | Syn:  2[57] 0.08s | Tub:  2[40] 0.00s | Mesh: 8000
Step:  24/350000 | Phi:  2[ 3] 0.57s | Syn:  2[57] 0.08s | Tub:  2[40] 0.00s | Mesh: 8000
Step:  25/350000 | Phi:  2[ 3] 0.57s | Syn:  2[57] 0.08s | Tub:  2[39] 0.00s | Mesh: 8000
Step:  26/350000 | Phi:  2[ 3] 0.57s | Syn:  2[57] 0.08s | Tub:  2[38] 0.00s | Mesh: 8000
Step:  27/350000 | Phi:  2[ 3] 0.57s | Syn:  2[57] 0.08s | Tub:  2[36] 0.00s | Mesh: 8000
Step:  28/350000 | Phi:  2[ 3] 0.57s | Syn:  2[57] 0.08s | Tub:  2[36] 0.00s | Mesh: 8000
Step:  29/350000 | Phi:  2[ 3] 0.57s | Syn:  2[56] 0.08s | Tub:  2[37] 0.00s | Mesh: 8000
Step:  30/350000 | Phi:  2[ 3] 0.57s | Syn:  2[56] 0.08s | Tub:  2[38] 0.00s | Mesh: 8000
Step:  31/350000 | Phi:  2[ 3] 0.57s | Syn:  2[56] 0.08s | Tub:  2[39] 0.00s | Mesh: 8000
Step:  32/350000 | Phi:  2[ 3] 0.57s | Syn:  2[56] 0.08s | Tub:  2[39] 0.00s | Mesh: 8000
Step:  33/350000 | Phi:  2[ 3] 0.57s | Syn:  2[56] 0.08s | Tub:  2[39] 0.00s | Mesh: 8000
Step:  34/350000 | Phi:  2[ 3] 0.57s | Syn:  2[56] 0.08s | Tub:  2[40] 0.00s | Mesh: 8000
Step:  35/350000 | Phi:  2[ 3] 0.57s | Syn:  2[56] 0.08s | Tub:  2[40] 0.00s | Mesh: 8000
Step:  36/350000 | Phi:  2[ 3] 0.57s | Syn:  2[55] 0.08s | Tub:  2[40] 0.00s | Mesh: 8000
Step:  37/350000 | Phi:  2[ 4] 0.83s | Syn:  2[55] 0.08s | Tub:  2[40] 0.00s | Mesh: 8000
Step:  38/350000 | Phi:  2[ 3] 0.57s | Syn:  2[55] 0.08s | Tub:  2[40] 0.00s | Mesh: 8000
Step:  39/350000 | Phi:  2[ 3] 0.57s | Syn:  2[55] 0.08s | Tub:  2[39] 0.00s | Mesh: 8000
Step:  40/350000 | Phi:  2[ 4] 0.74s | Syn:  2[55] 0.08s | Tub:  2[39] 0.00s | Mesh: 8000
Step:  41/350000 | Phi:  2[ 3] 0.57s | Syn:  2[55] 0.08s | Tub:  2[39] 0.00s | Mesh: 8000
Step:  42/350000 | Phi:  2[ 3] 0.57s | Syn:  2[55] 0.08s | Tub:  2[39] 0.00s | Mesh: 8000
Step:  43/350000 | Phi:  2[ 3] 0.57s | Syn:  2[55] 0.08s | Tub:  2[38] 0.00s | Mesh: 8000
Step:  44/350000 | Phi:  2[ 3] 0.66s | Syn:  2[54] 0.08s | Tub:  2[38] 0.00s | Mesh: 8000
Step:  45/350000 | Phi:  2[ 3] 0.56s | Syn:  2[54] 0.08s | Tub:  2[38] 0.00s | Mesh: 8000
Step:  46/350000 | Phi:  2[ 3] 0.57s | Syn:  2[54] 0.08s | Tub:  2[38] 0.00s | Mesh: 8000
Step:  47/350000 | Phi:  2[ 3] 0.57s | Syn:  2[54] 0.08s | Tub:  2[38] 0.00s | Mesh: 8000
Step:  48/350000 | Phi:  2[ 3] 0.56s | Syn:  2[54] 0.08s | Tub:  2[38] 0.00s | Mesh: 8000
Step:  49/350000 | Phi:  2[ 3] 0.57s | Syn:  2[54] 0.08s | Tub:  2[38] 0.00s | Mesh: 8000
Step:  50/350000 | Phi:  2[ 3] 0.57s | Syn:  2[54] 0.08s | Tub:  2[38] 0.00s | Mesh: 8000
Step:  51/350000 | Phi:  2[ 3] 0.66s | Syn:  2[54] 0.10s | Tub:  2[38] 0.00s | Mesh: 8000
Step:  52/350000 | Phi:  2[ 3] 0.57s | Syn:  2[53] 0.08s | Tub:  2[38] 0.00s | Mesh: 8000
Step:  53/350000 | Phi:  2[ 3] 0.56s | Syn:  2[53] 0.08s | Tub:  2[38] 0.00s | Mesh: 8000
Step:  54/350000 | Phi:  2[ 3] 0.56s | Syn:  2[53] 0.08s | Tub:  2[38] 0.00s | Mesh: 8000
Step:  55/350000 | Phi:  2[ 3] 0.56s | Syn:  2[53] 0.08s | Tub:  2[38] 0.00s | Mesh: 8000
Step:  56/350000 | Phi:  2[ 4] 0.74s | Syn:  2[53] 0.08s | Tub:  2[38] 0.00s | Mesh: 8000
Step:  57/350000 | Phi:  2[ 3] 0.56s | Syn:  2[53] 0.08s | Tub:  2[38] 0.00s | Mesh: 8000
Step:  58/350000 | Phi:  2[ 3] 0.57s | Syn:  2[53] 0.08s | Tub:  2[38] 0.00s | Mesh: 8000
Step:  59/350000 | Phi:  2[ 3] 0.57s | Syn:  2[53] 0.08s | Tub:  2[38] 0.00s | Mesh: 8000
Step:  60/350000 | Phi:  2[ 3] 0.57s | Syn:  2[53] 0.08s | Tub:  2[38] 0.00s | Mesh: 8000
Step:  61/350000 | Phi:  2[ 3] 0.57s | Syn:  2[52] 0.08s | Tub:  2[38] 0.00s | Mesh: 8000
Step:  62/350000 | Phi:  2[ 3] 0.57s | Syn:  2[52] 0.08s | Tub:  2[38] 0.00s | Mesh: 8000
Step:  63/350000 | Phi:  2[ 3] 0.56s | Syn:  2[52] 0.08s | Tub:  2[37] 0.00s | Mesh: 8000
Step:  64/350000 | Phi:  2[ 3] 0.57s | Syn:  2[52] 0.08s | Tub:  2[37] 0.00s | Mesh: 8000
Step:  65/350000 | Phi:  2[ 3] 0.56s | Syn:  2[52] 0.08s | Tub:  2[37] 0.00s | Mesh: 8000
Step:  66/350000 | Phi:  2[ 3] 0.66s | Syn:  2[52] 0.08s | Tub:  2[37] 0.00s | Mesh: 8000
Step:  67/350000 | Phi:  2[ 3] 0.56s | Syn:  2[52] 0.08s | Tub:  2[37] 0.00s | Mesh: 8000
Step:  68/350000 | Phi:  2[ 3] 0.57s | Syn:  2[52] 0.08s | Tub:  2[37] 0.00s | Mesh: 8000
Step:  69/350000 | Phi:  2[ 3] 0.57s | Syn:  2[52] 0.08s | Tub:  2[37] 0.00s | Mesh: 8000
Step:  70/350000 | Phi:  2[ 3] 0.57s | Syn:  2[51] 0.08s | Tub:  2[37] 0.00s | Mesh: 8000
Step:  71/350000 | Phi:  2[ 3] 0.56s | Syn:  2[51] 0.08s | Tub:  2[37] 0.00s | Mesh: 8000
Step:  72/350000 | Phi:  2[ 3] 0.57s | Syn:  2[51] 0.08s | Tub:  2[37] 0.00s | Mesh: 8000
Step:  73/350000 | Phi:  2[ 3] 0.56s | Syn:  2[51] 0.08s | Tub:  2[37] 0.00s | Mesh: 8000
Step:  74/350000 | Phi:  2[ 3] 0.56s | Syn:  2[51] 0.08s | Tub:  2[37] 0.00s | Mesh: 8000
Step:  75/350000 | Phi:  2[ 3] 0.57s | Syn:  2[51] 0.08s | Tub:  2[37] 0.00s | Mesh: 8000
Step:  76/350000 | Phi:  2[ 3] 0.56s | Syn:  2[51] 0.08s | Tub:  2[37] 0.00s | Mesh: 8000
Step:  77/350000 | Phi:  2[ 3] 0.56s | Syn:  2[51] 0.08s | Tub:  2[37] 0.00s | Mesh: 8000
Step:  78/350000 | Phi:  2[ 3] 0.56s | Syn:  2[51] 0.08s | Tub:  2[37] 0.00s | Mesh: 8000
Step:  79/350000 | Phi:  2[ 3] 0.57s | Syn:  2[51] 0.08s | Tub:  2[37] 0.00s | Mesh: 8000
Step:  80/350000 | Phi:  2[ 3] 0.56s | Syn:  2[51] 0.08s | Tub:  2[37] 0.00s | Mesh: 8000
Step:  81/350000 | Phi:  2[ 3] 0.56s | Syn:  2[50] 0.08s | Tub:  2[37] 0.00s | Mesh: 8000
Step:  82/350000 | Phi:  2[ 3] 0.74s | Syn:  2[50] 0.08s | Tub:  2[37] 0.00s | Mesh: 8000
Step:  83/350000 | Phi:  2[ 3] 0.57s | Syn:  2[50] 0.08s | Tub:  2[37] 0.00s | Mesh: 8000
Step:  84/350000 | Phi:  2[ 3] 0.56s | Syn:  2[50] 0.08s | Tub:  2[37] 0.00s | Mesh: 8000
Step:  85/350000 | Phi:  2[ 3] 0.56s | Syn:  2[50] 0.08s | Tub:  2[37] 0.00s | Mesh: 8000
Step:  86/350000 | Phi:  2[ 3] 0.57s | Syn:  2[50] 0.08s | Tub:  2[37] 0.00s | Mesh: 8000
Step:  87/350000 | Phi:  2[ 3] 0.56s | Syn:  2[50] 0.08s | Tub:  2[37] 0.00s | Mesh: 8000
Step:  88/350000 | Phi:  2[ 3] 0.57s | Syn:  2[50] 0.08s | Tub:  2[37] 0.00s | Mesh: 8000
Step:  89/350000 | Phi:  2[ 4] 0.82s | Syn:  2[50] 0.08s | Tub:  2[37] 0.00s | Mesh: 8000
Step:  90/350000 | Phi:  2[ 3] 0.57s | Syn:  2[50] 0.08s | Tub:  2[37] 0.00s | Mesh: 8000
Step:  91/350000 | Phi:  2[ 3] 0.56s | Syn:  2[50] 0.08s | Tub:  2[37] 0.00s | Mesh: 8000
Step:  92/350000 | Phi:  2[ 3] 0.56s | Syn:  2[50] 0.08s | Tub:  2[37] 0.00s | Mesh: 8000
Step:  93/350000 | Phi:  2[ 3] 0.56s | Syn:  2[49] 0.08s | Tub:  2[37] 0.00s | Mesh: 8000
Step:  94/350000 | Phi:  2[ 3] 0.56s | Syn:  2[49] 0.08s | Tub:  2[37] 0.00s | Mesh: 8000
Step:  95/350000 | Phi:  2[ 3] 0.56s | Syn:  2[49] 0.08s | Tub:  2[37] 0.00s | Mesh: 8000
Step:  96/350000 | Phi:  2[ 3] 0.64s | Syn:  2[49] 0.12s | Tub:  2[37] 0.00s | Mesh: 8000
Step:  97/350000 | Phi:  2[ 3] 0.56s | Syn:  2[49] 0.08s | Tub:  2[37] 0.00s | Mesh: 8000
Step:  98/350000 | Phi:  2[ 3] 0.56s | Syn:  2[49] 0.08s | Tub:  2[37] 0.00s | Mesh: 8000
Step:  99/350000 | Phi:  2[ 3] 0.56s | Syn:  2[49] 0.08s | Tub:  2[37] 0.00s | Mesh: 8000
-----------------------------------------------------------------------------------------
Identifying neurons, calculating geodesic distances, and detecting tips
Step: 100/350000 | Wrote Physical Domain! | Average time 0.857151s | Total time: 85.715075 |
-----------------------------------------------------------------------------------------
Step: 100/350000 | Phi:  2[ 3] 0.66s | Syn:  2[49] 0.08s | Tub:  2[37] 0.00s | Mesh: 8000
Step: 101/350000 | Phi:  2[ 3] 0.58s | Syn:  2[49] 0.08s | Tub:  2[37] 0.00s | Mesh: 8000
Step: 102/350000 | Phi:  2[ 3] 0.58s | Syn:  2[49] 0.08s | Tub:  2[37] 0.00s | Mesh: 8000
Step: 103/350000 | Phi:  2[ 3] 0.58s | Syn:  2[49] 0.08s | Tub:  2[37] 0.00s | Mesh: 8000
Step: 104/350000 | Phi:  2[ 4] 0.75s | Syn:  2[49] 0.08s | Tub:  2[37] 0.00s | Mesh: 8000
Step: 105/350000 | Phi:  2[ 3] 0.58s | Syn:  2[49] 0.08s | Tub:  2[38] 0.00s | Mesh: 8000
Step: 106/350000 | Phi:  2[ 3] 0.57s | Syn:  2[48] 0.08s | Tub:  2[38] 0.00s | Mesh: 8000
Step: 107/350000 | Phi:  2[ 3] 0.58s | Syn:  2[48] 0.08s | Tub:  2[38] 0.00s | Mesh: 8000
Step: 108/350000 | Phi:  2[ 3] 2.89s | Syn:  2[48] 0.08s | Tub:  2[38] 0.00s | Mesh: 8000
Step: 109/350000 | Phi:  2[ 3] 0.57s | Syn:  2[48] 0.08s | Tub:  2[38] 0.00s | Mesh: 8000
Step: 110/350000 | Phi:  2[ 3] 0.57s | Syn:  2[48] 0.08s | Tub:  2[38] 0.00s | Mesh: 8000
Step: 111/350000 | Phi:  2[ 3] 0.57s | Syn:  2[48] 0.08s | Tub:  2[38] 0.00s | Mesh: 8000
Step: 112/350000 | Phi:  2[ 3] 0.57s | Syn:  2[48] 0.08s | Tub:  2[38] 0.00s | Mesh: 8000
Step: 113/350000 | Phi:  2[ 3] 0.58s | Syn:  2[48] 0.08s | Tub:  2[38] 0.00s | Mesh: 8000
Step: 114/350000 | Phi:  2[ 3] 0.57s | Syn:  2[48] 0.08s | Tub:  2[38] 0.00s | Mesh: 8000
Step: 115/350000 | Phi:  2[ 3] 0.57s | Syn:  2[48] 0.08s | Tub:  2[38] 0.00s | Mesh: 8000
Step: 116/350000 | Phi:  2[ 3] 1.85s | Syn:  2[48] 0.08s | Tub:  2[38] 0.00s | Mesh: 8000
Step: 117/350000 | Phi:  2[ 3] 0.58s | Syn:  2[48] 0.08s | Tub:  2[38] 0.00s | Mesh: 8000
Step: 118/350000 | Phi:  2[ 3] 0.58s | Syn:  2[48] 0.08s | Tub:  2[38] 0.00s | Mesh: 8000
Step: 119/350000 | Phi:  2[ 5] 1.03s | Syn:  2[48] 0.08s | Tub:  2[38] 0.00s | Mesh: 8000
Step: 120/350000 | Phi:  2[ 3] 0.58s | Syn:  2[47] 0.08s | Tub:  2[38] 0.00s | Mesh: 8000
Step: 121/350000 | Phi:  2[ 3] 0.58s | Syn:  2[47] 0.08s | Tub:  2[38] 0.00s | Mesh: 8000
Step: 122/350000 | Phi:  2[ 3] 0.58s | Syn:  2[47] 0.08s | Tub:  2[38] 0.00s | Mesh: 8000
Step: 123/350000 | Phi:  2[ 3] 0.58s | Syn:  2[47] 0.08s | Tub:  2[38] 0.00s | Mesh: 8000
Step: 124/350000 | Phi:  2[ 3] 0.58s | Syn:  2[47] 0.08s | Tub:  2[38] 0.00s | Mesh: 8000
Step: 125/350000 | Phi:  2[ 3] 0.58s | Syn:  2[47] 0.08s | Tub:  2[38] 0.00s | Mesh: 8000
Step: 126/350000 | Phi:  2[ 3] 0.58s | Syn:  2[47] 0.08s | Tub:  2[38] 0.00s | Mesh: 8000
Step: 127/350000 | Phi:  2[ 3] 0.66s | Syn:  2[47] 0.08s | Tub:  2[38] 0.00s | Mesh: 8000
Step: 128/350000 | Phi:  2[ 3] 2.13s | Syn:  2[47] 0.08s | Tub:  2[38] 0.00s | Mesh: 8000
Step: 129/350000 | Phi:  2[ 3] 0.57s | Syn:  2[47] 0.08s | Tub:  2[38] 0.00s | Mesh: 8000
Step: 130/350000 | Phi:  2[ 3] 0.57s | Syn:  2[47] 0.08s | Tub:  2[38] 0.00s | Mesh: 8000
Step: 131/350000 | Phi:  2[ 3] 0.57s | Syn:  2[47] 0.08s | Tub:  2[38] 0.00s | Mesh: 8000
Step: 132/350000 | Phi:  2[ 3] 0.77s | Syn:  2[46] 0.08s | Tub:  2[38] 0.00s | Mesh: 8000
Step: 133/350000 | Phi:  2[ 3] 0.57s | Syn:  2[46] 0.08s | Tub:  2[38] 0.00s | Mesh: 8000
Step: 134/350000 | Phi:  2[ 3] 0.58s | Syn:  2[46] 0.08s | Tub:  2[38] 0.00s | Mesh: 8000
Step: 135/350000 | Phi:  2[ 3] 0.57s | Syn:  2[46] 0.08s | Tub:  2[38] 0.00s | Mesh: 8000
Step: 136/350000 | Phi:  2[ 3] 0.57s | Syn:  2[46] 0.08s | Tub:  2[38] 0.00s | Mesh: 8000
Step: 137/350000 | Phi:  2[ 3] 0.57s | Syn:  2[46] 0.08s | Tub:  2[38] 0.00s | Mesh: 8000
Step: 138/350000 | Phi:  2[ 3] 0.57s | Syn:  2[46] 0.08s | Tub:  2[38] 0.00s | Mesh: 8000
Step: 139/350000 | Phi:  2[ 4] 0.74s | Syn:  2[46] 0.08s | Tub:  2[38] 0.00s | Mesh: 8000
Step: 140/350000 | Phi:  2[ 3] 0.57s | Syn:  2[46] 0.08s | Tub:  2[38] 0.00s | Mesh: 8000
Step: 141/350000 | Phi:  2[ 3] 0.57s | Syn:  2[46] 0.08s | Tub:  2[38] 0.00s | Mesh: 8000
Step: 142/350000 | Phi:  2[ 3] 0.57s | Syn:  2[46] 0.08s | Tub:  2[38] 0.00s | Mesh: 8000
Step: 143/350000 | Phi:  2[ 3] 0.57s | Syn:  2[46] 0.08s | Tub:  2[38] 0.00s | Mesh: 8000
Step: 144/350000 | Phi:  2[ 3] 0.57s | Syn:  2[46] 0.08s | Tub:  2[38] 0.00s | Mesh: 8000
Step: 145/350000 | Phi:  2[ 3] 0.57s | Syn:  2[46] 0.08s | Tub:  2[38] 0.00s | Mesh: 8000
Step: 146/350000 | Phi:  2[ 3] 0.65s | Syn:  2[45] 0.08s | Tub:  2[38] 0.00s | Mesh: 8000
Step: 147/350000 | Phi:  2[ 3] 0.57s | Syn:  2[45] 0.08s | Tub:  2[38] 0.00s | Mesh: 8000
Step: 148/350000 | Phi:  2[ 3] 0.57s | Syn:  2[45] 0.08s | Tub:  2[38] 0.00s | Mesh: 8000
Step: 149/350000 | Phi:  2[ 3] 0.57s | Syn:  2[45] 0.08s | Tub:  2[38] 0.00s | Mesh: 8000
Step: 150/350000 | Phi:  2[ 3] 0.57s | Syn:  2[45] 0.08s | Tub:  2[38] 0.00s | Mesh: 8000
Step: 151/350000 | Phi:  2[ 3] 0.58s | Syn:  2[45] 0.08s | Tub:  2[38] 0.00s | Mesh: 8000
Step: 152/350000 | Phi:  2[ 3] 0.58s | Syn:  2[45] 0.08s | Tub:  2[38] 0.00s | Mesh: 8000
Step: 153/350000 | Phi:  2[ 3] 0.58s | Syn:  2[45] 0.08s | Tub:  2[38] 0.00s | Mesh: 8000
Step: 154/350000 | Phi:  2[ 3] 0.58s | Syn:  2[45] 0.08s | Tub:  2[38] 0.00s | Mesh: 8000
Step: 155/350000 | Phi:  2[ 3] 0.58s | Syn:  2[45] 0.08s | Tub:  2[38] 0.00s | Mesh: 8000
Step: 156/350000 | Phi:  2[ 3] 0.58s | Syn:  2[45] 0.08s | Tub:  2[38] 0.00s | Mesh: 8000
Step: 157/350000 | Phi:  2[ 3] 0.58s | Syn:  2[45] 0.08s | Tub:  2[38] 0.00s | Mesh: 8000
Step: 158/350000 | Phi:  2[ 3] 0.58s | Syn:  2[45] 0.08s | Tub:  2[38] 0.00s | Mesh: 8000
Step: 159/350000 | Phi:  2[ 3] 0.58s | Syn:  2[45] 0.08s | Tub:  2[38] 0.00s | Mesh: 8000
Step: 160/350000 | Phi:  2[ 4] 0.76s | Syn:  2[45] 0.08s | Tub:  2[38] 0.00s | Mesh: 8000
Step: 161/350000 | Phi:  2[ 4] 0.87s | Syn:  2[44] 0.08s | Tub:  2[38] 0.00s | Mesh: 8000
Step: 162/350000 | Phi:  2[ 3] 0.58s | Syn:  2[44] 0.08s | Tub:  2[38] 0.00s | Mesh: 8000
Step: 163/350000 | Phi:  2[ 3] 0.58s | Syn:  2[44] 0.08s | Tub:  2[38] 0.00s | Mesh: 8000
Step: 164/350000 | Phi:  2[ 3] 0.58s | Syn:  2[44] 0.08s | Tub:  2[38] 0.00s | Mesh: 8000
Step: 165/350000 | Phi:  2[ 3] 0.58s | Syn:  2[44] 0.08s | Tub:  2[38] 0.00s | Mesh: 8000
Step: 166/350000 | Phi:  2[ 3] 0.58s | Syn:  2[44] 0.08s | Tub:  2[38] 0.00s | Mesh: 8000
Step: 167/350000 | Phi:  2[ 3] 0.58s | Syn:  2[44] 0.08s | Tub:  2[38] 0.00s | Mesh: 8000
Step: 168/350000 | Phi:  2[ 3] 0.58s | Syn:  2[44] 0.14s | Tub:  2[38] 0.00s | Mesh: 8000
Step: 169/350000 | Phi:  2[ 5] 0.93s | Syn:  2[44] 0.08s | Tub:  2[38] 0.00s | Mesh: 8000
Step: 170/350000 | Phi:  2[ 4] 0.76s | Syn:  2[44] 0.08s | Tub:  2[38] 0.00s | Mesh: 8000
Step: 171/350000 | Phi:  2[ 3] 0.58s | Syn:  2[44] 0.08s | Tub:  2[38] 0.00s | Mesh: 8000
Step: 172/350000 | Phi:  2[ 3] 0.58s | Syn:  2[44] 0.08s | Tub:  2[38] 0.00s | Mesh: 8000
Step: 173/350000 | Phi:  2[ 3] 0.58s | Syn:  2[44] 0.08s | Tub:  2[38] 0.00s | Mesh: 8000
Step: 174/350000 | Phi:  2[ 5] 1.04s | Syn:  2[44] 0.83s | Tub:  2[38] 0.00s | Mesh: 8000
Step: 175/350000 | Phi:  2[ 3] 0.58s | Syn:  2[44] 0.08s | Tub:  2[38] 0.00s | Mesh: 8000
Step: 176/350000 | Phi:  2[ 4] 0.76s | Syn:  2[44] 0.08s | Tub:  2[38] 0.00s | Mesh: 8000
Step: 177/350000 | Phi:  2[ 3] 0.58s | Syn:  2[44] 0.08s | Tub:  2[38] 0.00s | Mesh: 8000
Step: 178/350000 | Phi:  2[ 3] 0.58s | Syn:  2[44] 0.08s | Tub:  2[38] 0.00s | Mesh: 8000
Step: 179/350000 | Phi:  2[ 3] 0.58s | Syn:  2[44] 0.08s | Tub:  2[38] 0.00s | Mesh: 8000
Step: 180/350000 | Phi:  2[ 4] 0.76s | Syn:  2[44] 0.08s | Tub:  2[38] 0.00s | Mesh: 8000
Step: 181/350000 | Phi:  2[ 4] 0.76s | Syn:  2[44] 0.08s | Tub:  2[38] 0.00s | Mesh: 8000
Step: 182/350000 | Phi:  2[ 3] 0.58s | Syn:  2[44] 0.08s | Tub:  2[38] 0.00s | Mesh: 8000
Step: 183/350000 | Phi:  2[ 3] 0.58s | Syn:  2[44] 0.08s | Tub:  2[38] 0.00s | Mesh: 8000
Step: 184/350000 | Phi:  2[ 4] 0.76s | Syn:  2[43] 0.08s | Tub:  2[38] 0.00s | Mesh: 8000
Step: 185/350000 | Phi:  2[ 3] 0.58s | Syn:  2[43] 0.08s | Tub:  2[38] 0.00s | Mesh: 8000
Step: 186/350000 | Phi:  2[ 3] 0.58s | Syn:  2[43] 0.08s | Tub:  2[38] 0.00s | Mesh: 8000
Step: 187/350000 | Phi:  2[ 4] 1.01s | Syn:  2[43] 0.08s | Tub:  2[38] 0.00s | Mesh: 8000
Step: 188/350000 | Phi:  2[ 3] 0.58s | Syn:  2[43] 0.08s | Tub:  2[38] 0.00s | Mesh: 8000
Step: 189/350000 | Phi:  2[ 3] 0.58s | Syn:  2[43] 0.08s | Tub:  2[38] 0.00s | Mesh: 8000
Step: 190/350000 | Phi:  2[ 3] 0.58s | Syn:  2[43] 0.08s | Tub:  2[38] 0.00s | Mesh: 8000
Step: 191/350000 | Phi:  2[ 3] 0.58s | Syn:  2[43] 0.08s | Tub:  2[38] 0.00s | Mesh: 8000
Step: 192/350000 | Phi:  2[ 3] 0.58s | Syn:  2[43] 0.08s | Tub:  2[38] 0.00s | Mesh: 8000
Step: 193/350000 | Phi:  2[ 3] 0.58s | Syn:  2[43] 0.08s | Tub:  2[38] 0.00s | Mesh: 8000
Step: 194/350000 | Phi:  2[ 3] 0.58s | Syn:  2[43] 0.08s | Tub:  2[38] 0.00s | Mesh: 8000
Step: 195/350000 | Phi:  2[ 3] 0.58s | Syn:  2[43] 0.08s | Tub:  2[38] 0.00s | Mesh: 8000
Step: 196/350000 | Phi:  2[ 3] 0.58s | Syn:  2[43] 0.08s | Tub:  2[38] 0.00s | Mesh: 8000
Step: 197/350000 | Phi:  2[ 3] 0.58s | Syn:  2[43] 0.08s | Tub:  2[38] 0.00s | Mesh: 8000
Step: 198/350000 | Phi:  2[ 3] 0.58s | Syn:  2[43] 0.08s | Tub:  2[38] 0.00s | Mesh: 8000
Step: 199/350000 | Phi:  2[ 3] 0.58s | Syn:  2[43] 0.08s | Tub:  2[38] 0.00s | Mesh: 8000
-----------------------------------------------------------------------------------------
Identifying neurons, calculating geodesic distances, and detecting tips
Step: 200/350000 | Wrote Physical Domain! | Average time 0.760832s | Total time: 161.798324 |
-----------------------------------------------------------------------------------------
Step: 200/350000 | Phi:  2[ 3] 0.89s | Syn:  2[43] 1.59s | Tub:  2[38] 0.17s | Mesh: 8000
Step: 201/350000 | Phi:  2[ 3] 0.57s | Syn:  2[43] 0.08s | Tub:  2[38] 0.00s | Mesh: 8000
Step: 202/350000 | Phi:  2[ 3] 0.58s | Syn:  2[43] 0.08s | Tub:  2[38] 0.00s | Mesh: 8000
Step: 203/350000 | Phi:  2[ 3] 0.58s | Syn:  2[43] 0.08s | Tub:  2[38] 0.00s | Mesh: 8000
Step: 204/350000 | Phi:  2[ 3] 0.57s | Syn:  2[43] 0.08s | Tub:  2[38] 0.00s | Mesh: 8000
Step: 205/350000 | Phi:  2[ 4] 0.91s | Syn:  2[43] 0.08s | Tub:  2[38] 0.00s | Mesh: 8000
Step: 206/350000 | Phi:  2[ 4] 0.75s | Syn:  2[43] 0.08s | Tub:  2[38] 0.00s | Mesh: 8000
Step: 207/350000 | Phi:  2[ 3] 0.58s | Syn:  2[43] 0.08s | Tub:  2[38] 0.00s | Mesh: 8000
Step: 208/350000 | Phi:  2[ 3] 0.58s | Syn:  2[43] 0.08s | Tub:  2[38] 0.00s | Mesh: 8000
