mkdir: cannot create directory '../io3D/': File exists
mkdir: cannot create directory '../io3D/outputs/': File exists
Starting Simulation
******************************************************************************
Generating 3D structured initial mesh
-----------------------------------------------------------------------------
Nx by Ny by Nz: 20 x 20 x 20 | origin: 0,0,0
******************************************************************************
# 3D EP: 0
# elements: 8000
4000 4500 500 6000 5000 1000 7000 1500 2500 6500 3000 2000 7500 5500 3500 Bezier extracting...
# Bezier: 8000
4500 2000 6000 5000 3000 6500 7000 7500 1000 500 4000 3500 2500 5500 1500 DONE!
******************************************************************************
METIS 5.0 Copyright 1998-13, Regents of the University of Minnesota
 (HEAD: , Built on: Aug 12 2018, 15:17:09)
 size of idx_t: 32bits, real_t: 32bits, idx_t *: 64bits

Mesh Information ------------------------------------------------------------
 Name: ../io3D/bzmeshinfo.txt, #Elements: 8000, #Nodes: 9261, #Parts: 256

Options ---------------------------------------------------------------------
 ptype=kway, objtype=cut, ctype=shem, rtype=greedy, iptype=metisrb
 dbglvl=0, ufactor=1.030, minconn=NO, contig=NO, nooutput=NO
 seed=-1, niter=10, ncuts=1
 gtype=dual, ncommon=1, niter=10, ncuts=1

Direct k-way Partitioning ---------------------------------------------------
 - Edgecut: 931656.


Timing Information ----------------------------------------------------------
  I/O:          		   0.016 sec
  Partitioning: 		   1.373 sec   (METIS time)
  Reporting:    		   0.000 sec

Memory Information ----------------------------------------------------------
  Max memory used:		  56.489 MB
******************************************************************************
Control Points Loaded!
Control Points Loaded!
Processor Assigned!
9261 9261 0
Initializing Neuron Growth Problem--------------------------------------------
Bounds for current control points:
max x: 20.000000, min x: 0.000000 | max y: 20.000000, min y: 0.000000 | max z: 20.000000, min z: 0.000000
Bounds for previous control points:
max px: 165940476295023427584.000000, min px: 0.000000 | max py: 0.000000, min py: 0.000000 | max pz: 0.000000, min pz: 165929217295955001344.000000
Set initial guess!-----------------------------------------------------------
comRank: 0/256 - with element process size: 30
comRank: 1/256 - with element process size: 32
comRank: 2/256 - with element process size: 32
comRank: 3/256 - with element process size: 32
comRank: 4/256 - with element process size: 30
comRank: 5/256 - with element process size: 30
comRank: 6/256 - with element process size: 32
comRank: 7/256 - with element process size: 30
comRank: 8/256 - with element process size: 32
comRank: 9/256 - with element process size: 32
comRank: 10/256 - with element process size: 32
comRank: 11/256 - with element process size: 32
comRank: 12/256 - with element process size: 32
comRank: 13/256 - with element process size: 32
comRank: 14/256 - with element process size: 32
comRank: 15/256 - with element process size: 32
comRank: 16/256 - with element process size: 32
comRank: 17/256 - with element process size: 29
comRank: 18/256 - with element process size: 30
comRank: 19/256 - with element process size: 32
comRank: 20/256 - with element process size: 30
comRank: 21/256 - with element process size: 30
comRank: 22/256 - with element process size: 32
comRank: 23/256 - with element process size: 32
comRank: 24/256 - with element process size: 32
comRank: 25/256 - with element process size: 30
comRank: 26/256 - with element process size: 30
comRank: 27/256 - with element process size: 32
comRank: 28/256 - with element process size: 32
comRank: 29/256 - with element process size: 30
comRank: 30/256 - with element process size: 30
comRank: 31/256 - with element process size: 30
comRank: 32/256 - with element process size: 32
comRank: 33/256 - with element process size: 31
comRank: 34/256 - with element process size: 32
comRank: 35/256 - with element process size: 32
comRank: 36/256 - with element process size: 32
comRank: 37/256 - with element process size: 32
comRank: 38/256 - with element process size: 32
comRank: 39/256 - with element process size: 32
comRank: 40/256 - with element process size: 32
comRank: 41/256 - with element process size: 32
comRank: 42/256 - with element process size: 32
comRank: 43/256 - with element process size: 32
comRank: 44/256 - with element process size: 32
comRank: 45/256 - with element process size: 32
comRank: 46/256 - with element process size: 32
comRank: 47/256 - with element process size: 32
comRank: 48/256 - with element process size: 32
comRank: 49/256 - with element process size: 32
comRank: 50/256 - with element process size: 32
comRank: 51/256 - with element process size: 30
comRank: 52/256 - with element process size: 32
comRank: 53/256 - with element process size: 32
comRank: 54/256 - with element process size: 32
comRank: 55/256 - with element process size: 30
comRank: 56/256 - with element process size: 32
comRank: 57/256 - with element process size: 31
comRank: 58/256 - with element process size: 30
comRank: 59/256 - with element process size: 32
comRank: 60/256 - with element process size: 32
comRank: 61/256 - with element process size: 32
comRank: 62/256 - with element process size: 32
comRank: 63/256 - with element process size: 32
comRank: 64/256 - with element process size: 31
comRank: 65/256 - with element process size: 32
comRank: 66/256 - with element process size: 32
comRank: 67/256 - with element process size: 29
comRank: 68/256 - with element process size: 30
comRank: 69/256 - with element process size: 32
comRank: 70/256 - with element process size: 30
comRank: 71/256 - with element process size: 32
comRank: 72/256 - with element process size: 30
comRank: 73/256 - with element process size: 30
comRank: 74/256 - with element process size: 30
comRank: 75/256 - with element process size: 32
comRank: 76/256 - with element process size: 30
comRank: 77/256 - with element process size: 32
comRank: 78/256 - with element process size: 32
comRank: 79/256 - with element process size: 32
comRank: 80/256 - with element process size: 31
comRank: 81/256 - with element process size: 32
comRank: 82/256 - with element process size: 30
comRank: 83/256 - with element process size: 32
comRank: 84/256 - with element process size: 32
comRank: 85/256 - with element process size: 30
comRank: 86/256 - with element process size: 30
comRank: 87/256 - with element process size: 32
comRank: 88/256 - with element process size: 31
comRank: 89/256 - with element process size: 32
comRank: 90/256 - with element process size: 32
comRank: 91/256 - with element process size: 32
comRank: 92/256 - with element process size: 31
comRank: 93/256 - with element process size: 32
comRank: 94/256 - with element process size: 32
comRank: 95/256 - with element process size: 30
comRank: 96/comRank: 128/256 - with element process size: 30
comRank: 129/256 - with element process size: 32
comRank: 130/256 - with element process size: 32
comRank: 131/256 - with element process size: 29
comRank: 132/256 - with element process size: 32
comRank: 133/256 - with element process size: 32
comRank: 134/256 - with element process size: 32
comRank: 135/256 - with element process size: 30
comRank: 136/256 - with element process size: 32
comRank: 137/256 - with element process size: 30
comRank: 138/256 - with element process size: 29
comRank: 139/256 - with element process size: 32
comRank: 140/256 - with element process size: 32
comRank: 141/256 - with element process size: 32
comRank: 142/256 - with element process size: 32
comRank: 143/256 - with element process size: 30
comRank: 144/256 - with element process size: 32
comRank: 145/256 - with element process size: 30
comRank: 146/256 - with element process size: 30
comRank: 147/256 - with element process size: 32
comRank: 148/256 - with element process size: 30
comRank: 149/256 - with element process size: 32
comRank: 150/256 - with element process size: 32
comRank: 151/256 - with element process size: 32
comRank: 152/256 - with element process size: 30
comRank: 153/256 - with element process size: 32
comRank: 154/256 - with element process size: 32
comRank: 155/256 - with element process size: 30
comRank: 156/256 - with element process size: 32
comRank: 157/256 - with element process size: 32
comRank: 158/256 - with element process size: 30
comRank: 159/256 - with element process size: 32
comRank: 160/256 - with element process size: 31
comRank: 161/256 - with element process size: 32
comRank: 162/256 - with element process size: 30
comRank: 163/256 - with element process size: 30
comRank: 164/256 - with element process size: 32
comRank: 165/256 - with element process size: 30
comRank: 166/256 - with element process size: 30
comRank: 167/256 - with element process size: 32
comRank: 168/256 - with element process size: 32
comRank: 169/256 - with element process size: 30
comRank: 170/256 - with element process size: 32
comRank: 171/256 - with element process size: 32
comRank: 172/256 - with element process size: 30
comRank: 173/256 - with element process size: 32
comRank: 174/256 - with element process size: 32
comRank: 175/256 - with element process size: 32
comRank: 176/256 - with element process size: 32
comRank: 177/256 - with element process size: 31
comRank: 178/256 - with element process size: 32
comRank: 179/256 - with element process size: 32
comRank: 180/256 - with element process size: 30
comRank: 181/256 - with element process size: 32
comRank: 182/256 - with element process size: 32
comRank: 183/256 - with element process size: 32
comRank: 184/256 - with element process size: 30
comRank: 185/256 - with element process size: 32
comRank: 186/256 - with element process size: 30
comRank: 187/256 - with element process size: 32
comRank: 188/256 - with element process size: 31
comRank: 189/256 - with element process size: 32
comRank: 190/256 - with element process size: 29
comRank: 191/256 - with element process size: 32
comRank: 192/256 - with element process size: 32
comRank: 193/256 - with element process size: 30
256 - with element process size: 30
comRank: 97/256 - with element process size: 31
comRank: 98/256 - with element process size: 30
comRank: 99/256 - with element process size: 32
comRank: 100/256 - with element process size: 32
comRank: 101/256 - with element process size: 32
comRank: 102/256 - with element process size: 32
comRank: 103/256 - with element process size: 30
comRank: 104/256 - with element process size: 30
comRank: 105/256 - with element process size: 32
comRank: 106/256 - with element process size: 30
comRank: 107/256 - with element process size: 32
comRank: 108/256 - with element process size: 32
comRank: 109/256 - with element process size: 31
comRank: 110/256 - with element process size: 32
comRank: 111/256 - with element process size: 32
comRank: 112/256 - with element process size: 30
comRank: 113/256 - with element process size: 29
comRank: 114/256 - with element process size: 30
comRank: 115/256 - with element process size: 30
comRank: 116/256 - with element process size: 30
comRank: 117/256 - with element process size: 32
comRank: 118/256 - with element process size: 32
comRank: 119/256 - with element process size: 29
comRank: 120/256 - with element process size: 30
comRank: 121/256 - with element process size: 30
comRank: 122/256 - with element process size: 32
comRank: 123/256 - with element process size: 32
comRank: 124/256 - with element process size: 30
comRank: 125/256 - with element process size: 30
comRank: 126/256 - with element process size: 32
comRank: 127/256 - with element process size: 30
comRank: 194/256 - with element process size: 32
comRank: 195/256 - with element process size: 32
comRank: 196/256 - with element process size: 32
comRank: 197/256 - with element process size: 32
comRank: 198/256 - with element process size: 32
comRank: 199/256 - with element process size: 32
comRank: 200/256 - with element process size: 32
comRank: 201/256 - with element process size: 32
comRank: 202/256 - with element process size: 32
comRank: 203/256 - with element process size: 31
comRank: 204/256 - with element process size: 31
comRank: 205/256 - with element process size: 30
comRank: 206/256 - with element process size: 32
comRank: 207/256 - with element process size: 32
comRank: 208/256 - with element process size: 32
comRank: 209/256 - with element process size: 31
comRank: 210/256 - with element process size: 32
comRank: 211/256 - with element process size: 30
comRank: 212/256 - with element process size: 30
comRank: 213/256 - with element process size: 30
comRank: 214/256 - with element process size: 30
comRank: 215/256 - with element process size: 32
comRank: 216/256 - with element process size: 32
comRank: 217/256 - with element process size: 30
comRank: 218/256 - with element process size: 32
comRank: 219/256 - with element process size: 31
comRank: 220/256 - with element process size: 32
comRank: 221/256 - with element process size: 32
comRank: 222/256 - with element process size: 32
comRank: 223/256 - with element process size: 30
comRank: 224/256 - with element process size: 32
comRank: 225/256 - with element process size: 32
comRank: 226/256 - with element process size: 32
comRank: 227/256 - with element process size: 32
comRank: 228/256 - with element process size: 30
comRank: 229/256 - with element process size: 32
comRank: 230/256 - with element process size: 30
comRank: 231/256 - with element process size: 32
comRank: 232/256 - with element process size: 30
comRank: 233/256 - with element process size: 30
comRank: 234/256 - with element process size: 32
comRank: 235/256 - with element process size: 32
comRank: 236/256 - with element process size: 32
comRank: 237/256 - with element process size: 29
comRank: 238/256 - with element process size: 32
comRank: 239/256 - with element process size: 32
comRank: 240/256 - with element process size: 30
comRank: 241/256 - with element process size: 32
comRank: 242/256 - with element process size: 31
comRank: 243/256 - with element process size: 32
comRank: 244/256 - with element process size: 30
comRank: 245/256 - with element process size: 30
comRank: 246/256 - with element process size: 31
comRank: 247/256 - with element process size: 32
comRank: 248/256 - with element process size: 30
comRank: 249/256 - with element process size: 30
comRank: 250/256 - with element process size: 32
comRank: 251/256 - with element process size: 32
comRank: 252/256 - with element process size: 32
comRank: 253/256 - with element process size: 31
comRank: 254/256 - with element process size: 32
comRank: 255/256 - with element process size: 32
Bezier Matrices Loaded!
Bezier Points Loaded!
Read bzmesh!-----------------------------------------------------------------
Saving all variables!--------------------------------------------------------
Prepared basis!--------------------------------------------------------------
Calculated sum grad phi0!----------------------------------------------------
Prepared variables!----------------------------------------------------------
-----------------------------------------------------------------------------------------
Identifying neurons, calculating geodesic distances, and detecting tips
Step: 0/350000 | Wrote Physical Domain! | Average time 0.003477s | Total time: 0.347718 |
-----------------------------------------------------------------------------------------
SNES Object: 256 MPI processes
  type: newtonls
  SNES has not been set up so information may be incomplete
  maximum iterations=100, maximum function evaluations=1000
  tolerances: relative=1e-07, absolute=1e-05, solution=1e-09
  total number of linear solver iterations=0
  total number of function evaluations=0
  norm schedule ALWAYS
  SNESLineSearch Object: 256 MPI processes
    type: cp
    maxstep=1.000000e+08, minlambda=1.000000e-12
    tolerances: relative=1.000000e-08, absolute=1.000000e-15, lambda=1.000000e-08
    maximum iterations=1
  KSP Object: 256 MPI processes
    type not yet set
    maximum iterations=10000, initial guess is zero
    tolerances:  relative=1e-05, absolute=1e-50, divergence=10000.
    left preconditioning
    using DEFAULT norm type for convergence test
KSP Object: 256 MPI processes
  type: gmres
    restart=30, using Classical (unmodified) Gram-Schmidt Orthogonalization with no iterative refinement
    happy breakdown tolerance 1e-30
  maximum iterations=100000, nonzero initial guess
  tolerances:  relative=1e-08, absolute=1e-50, divergence=10000.
  left preconditioning
  using PRECONDITIONED norm type for convergence test
PC Object: 256 MPI processes
  type: bjacobi
    number of blocks = 256
    Local solver information for first block is in the following KSP and PC objects on rank 0:
    Use -ksp_view ::ascii_info_detail to display information for all blocks
  KSP Object: (sub_) 1 MPI process
    type: preonly
    maximum iterations=10000, initial guess is zero
    tolerances:  relative=1e-05, absolute=1e-50, divergence=10000.
    left preconditioning
    using DEFAULT norm type for convergence test
  PC Object: (sub_) 1 MPI process
    type: ilu
    PC has not been set up so information may be incomplete
      out-of-place factorization
      0 levels of fill
      tolerance for zero pivot 2.22045e-14
    linear system matrix = precond matrix:
    Mat Object: (sub_) 1 MPI process
      type: seqaij
      rows=37, cols=37
      total: nonzeros=447, allocated nonzeros=1369
      total number of mallocs used during MatSetValues calls=0
        not using I-node routines
  linear system matrix = precond matrix:
  Mat Object: 256 MPI processes
    type: mpiaij
    rows=9261, cols=9261
    total: nonzeros=2460375, allocated nonzeros=3007971
    total number of mallocs used during MatSetValues calls=23844
      not using I-node (on process 0) routines
KSP Object: 256 MPI processes
  type: gmres
    restart=30, using Classical (unmodified) Gram-Schmidt Orthogonalization with no iterative refinement
    happy breakdown tolerance 1e-30
  maximum iterations=100000, nonzero initial guess
  tolerances:  relative=1e-08, absolute=1e-50, divergence=10000.
  left preconditioning
  using PRECONDITIONED norm type for convergence test
PC Object: 256 MPI processes
  type: bjacobi
    number of blocks = 256
    Local solver information for first block is in the following KSP and PC objects on rank 0:
    Use -ksp_view ::ascii_info_detail to display information for all blocks
  KSP Object: (sub_) 1 MPI process
    type: preonly
    maximum iterations=10000, initial guess is zero
    tolerances:  relative=1e-05, absolute=1e-50, divergence=10000.
    left preconditioning
    using DEFAULT norm type for convergence test
  PC Object: (sub_) 1 MPI process
    type: ilu
    PC has not been set up so information may be incomplete
      out-of-place factorization
      0 levels of fill
      tolerance for zero pivot 2.22045e-14
    linear system matrix = precond matrix:
    Mat Object: (sub_) 1 MPI process
      type: seqaij
      rows=37, cols=37
      total: nonzeros=447, allocated nonzeros=1369
      total number of mallocs used during MatSetValues calls=0
        not using I-node routines
  linear system matrix = precond matrix:
  Mat Object: 256 MPI processes
    type: mpiaij
    rows=9261, cols=9261
    total: nonzeros=2460375, allocated nonzeros=3007971
    total number of mallocs used during MatSetValues calls=23844
      not using I-node (on process 0) routines
Step:0/350000 | Phi:2[2]4.959s | Syn:2[102]1.309s | Tub:2[63]0.048s | Mesh:8000 |
Step:1/350000 | Phi:2[2]0.692s | Syn:2[99]0.120s | Tub:2[54]0.038s | Mesh:8000 |
Step:2/350000 | Phi:2[2]0.613s | Syn:2[96]2.522s | Tub:2[54]1.660s | Mesh:8000 |
Step:3/350000 | Phi:2[2]1.368s | Syn:2[92]0.232s | Tub:2[53]0.037s | Mesh:8000 |
Step:4/350000 | Phi:2[1]0.518s | Syn:2[88]0.143s | Tub:2[52]0.037s | Mesh:8000 |
Step:5/350000 | Phi:2[1]0.322s | Syn:2[85]0.111s | Tub:2[52]0.039s | Mesh:8000 |
Step:6/350000 | Phi:2[1]0.318s | Syn:2[83]0.109s | Tub:2[51]0.105s | Mesh:8000 |
Step:7/350000 | Phi:2[1]0.321s | Syn:2[81]0.282s | Tub:2[50]1.688s | Mesh:8000 |
Step:8/350000 | Phi:2[1]3.262s | Syn:2[80]2.062s | Tub:2[50]1.559s | Mesh:8000 |
Step:9/350000 | Phi:2[1]1.506s | Syn:2[79]2.719s | Tub:2[49]0.373s | Mesh:8000 |
Step:10/350000 | Phi:2[1]0.320s | Syn:2[78]0.105s | Tub:2[49]0.034s | Mesh:8000 |
Step:11/350000 | Phi:2[1]0.320s | Syn:2[77]0.103s | Tub:2[49]0.034s | Mesh:8000 |
Step:12/350000 | Phi:2[1]0.317s | Syn:2[77]0.104s | Tub:2[48]0.033s | Mesh:8000 |
Step:13/350000 | Phi:2[1]0.401s | Syn:2[76]0.165s | Tub:2[48]0.032s | Mesh:8000 |
Step:14/350000 | Phi:2[1]0.319s | Syn:2[75]0.106s | Tub:2[48]0.034s | Mesh:8000 |
Step:15/350000 | Phi:2[1]0.320s | Syn:2[74]0.104s | Tub:2[47]0.033s | Mesh:8000 |
Step:16/350000 | Phi:2[1]0.317s | Syn:2[74]0.394s | Tub:2[47]0.033s | Mesh:8000 |
Step:17/350000 | Phi:2[1]0.319s | Syn:2[73]0.102s | Tub:2[47]0.032s | Mesh:8000 |
Step:18/350000 | Phi:2[1]0.317s | Syn:2[73]0.102s | Tub:2[47]0.031s | Mesh:8000 |
Step:19/350000 | Phi:2[1]0.314s | Syn:2[72]0.102s | Tub:2[47]0.032s | Mesh:8000 |
Step:20/350000 | Phi:2[1]0.687s | Syn:2[72]0.104s | Tub:2[47]0.033s | Mesh:8000 |
Step:21/350000 | Phi:2[1]0.317s | Syn:2[71]0.102s | Tub:2[46]0.492s | Mesh:8000 |
Step:22/350000 | Phi:2[1]0.317s | Syn:2[71]0.101s | Tub:2[46]0.031s | Mesh:8000 |
Step:23/350000 | Phi:2[1]0.317s | Syn:2[70]0.099s | Tub:2[46]0.029s | Mesh:8000 |
Step:24/350000 | Phi:2[1]0.316s | Syn:2[70]0.100s | Tub:2[46]0.032s | Mesh:8000 |
Step:25/350000 | Phi:2[1]0.316s | Syn:2[70]0.100s | Tub:2[46]0.031s | Mesh:8000 |
Step:26/350000 | Phi:2[1]0.317s | Syn:2[69]0.099s | Tub:2[46]0.032s | Mesh:8000 |
Step:27/350000 | Phi:2[1]0.311s | Syn:2[69]0.099s | Tub:2[46]0.031s | Mesh:8000 |
Step:28/350000 | Phi:2[1]0.314s | Syn:2[69]0.099s | Tub:2[46]0.031s | Mesh:8000 |
Step:29/350000 | Phi:2[2]0.568s | Syn:2[69]0.100s | Tub:2[46]0.031s | Mesh:8000 |
Step:30/350000 | Phi:2[1]0.313s | Syn:2[68]0.098s | Tub:2[45]0.031s | Mesh:8000 |
Step:31/350000 | Phi:2[1]0.313s | Syn:2[68]0.099s | Tub:2[45]0.031s | Mesh:8000 |
Step:32/350000 | Phi:2[1]0.312s | Syn:2[68]0.099s | Tub:2[45]0.030s | Mesh:8000 |
Step:33/350000 | Phi:2[1]0.312s | Syn:2[67]0.099s | Tub:2[45]0.030s | Mesh:8000 |
Step:34/350000 | Phi:2[1]0.317s | Syn:2[67]0.098s | Tub:2[45]0.031s | Mesh:8000 |
Step:35/350000 | Phi:2[1]0.313s | Syn:2[67]0.098s | Tub:2[45]0.344s | Mesh:8000 |
Step:36/350000 | Phi:2[1]0.316s | Syn:2[66]0.097s | Tub:2[45]0.030s | Mesh:8000 |
Step:37/350000 | Phi:2[1]0.312s | Syn:2[66]0.098s | Tub:2[45]0.031s | Mesh:8000 |
Step:38/350000 | Phi:2[1]0.311s | Syn:2[66]0.098s | Tub:2[45]0.031s | Mesh:8000 |
Step:39/350000 | Phi:2[1]0.311s | Syn:2[65]0.095s | Tub:2[44]0.032s | Mesh:8000 |
Step:40/350000 | Phi:2[1]0.309s | Syn:2[65]0.097s | Tub:2[44]0.032s | Mesh:8000 |
Step:41/350000 | Phi:2[1]0.312s | Syn:2[65]0.265s | Tub:2[44]0.028s | Mesh:8000 |
Step:42/350000 | Phi:2[1]0.313s | Syn:2[64]0.095s | Tub:2[44]0.030s | Mesh:8000 |
Step:43/350000 | Phi:2[1]0.310s | Syn:2[64]0.095s | Tub:2[44]0.029s | Mesh:8000 |
Step:44/350000 | Phi:2[1]0.311s | Syn:2[64]0.094s | Tub:2[43]0.029s | Mesh:8000 |
Step:45/350000 | Phi:2[1]0.311s | Syn:2[64]0.101s | Tub:2[43]0.026s | Mesh:8000 |
Step:46/350000 | Phi:2[1]0.308s | Syn:2[63]0.095s | Tub:2[42]0.028s | Mesh:8000 |
Step:47/350000 | Phi:2[1]0.310s | Syn:2[63]0.094s | Tub:2[42]0.030s | Mesh:8000 |
Step:48/350000 | Phi:2[1]0.305s | Syn:2[63]0.095s | Tub:2[42]0.029s | Mesh:8000 |
Step:49/350000 | Phi:2[1]0.307s | Syn:2[62]0.096s | Tub:2[42]0.029s | Mesh:8000 |
Step:50/350000 | Phi:2[1]0.310s | Syn:2[62]0.297s | Tub:2[42]0.029s | Mesh:8000 |
Step:51/350000 | Phi:2[1]0.312s | Syn:2[62]0.097s | Tub:2[42]0.029s | Mesh:8000 |
Step:52/350000 | Phi:2[1]0.310s | Syn:2[62]0.095s | Tub:2[42]0.029s | Mesh:8000 |
Step:53/350000 | Phi:2[1]0.309s | Syn:2[61]0.095s | Tub:2[42]0.028s | Mesh:8000 |
Step:54/350000 | Phi:2[1]0.311s | Syn:2[61]0.099s | Tub:2[42]0.030s | Mesh:8000 |
Step:55/350000 | Phi:2[1]0.310s | Syn:2[61]0.101s | Tub:2[42]0.027s | Mesh:8000 |
Step:56/350000 | Phi:2[1]0.311s | Syn:2[60]0.093s | Tub:2[42]0.124s | Mesh:8000 |
Step:57/350000 | Phi:2[1]0.432s | Syn:2[60]0.093s | Tub:2[42]0.029s | Mesh:8000 |
Step:58/350000 | Phi:2[1]0.308s | Syn:2[60]0.093s | Tub:2[42]0.028s | Mesh:8000 |
Step:59/350000 | Phi:2[1]0.310s | Syn:2[60]0.092s | Tub:2[43]0.030s | Mesh:8000 |
Step:60/350000 | Phi:2[1]0.308s | Syn:2[60]0.098s | Tub:2[43]0.031s | Mesh:8000 |
Step:61/350000 | Phi:2[1]0.309s | Syn:2[60]0.090s | Tub:2[43]0.030s | Mesh:8000 |
Step:62/350000 | Phi:2[1]0.307s | Syn:2[59]0.093s | Tub:2[43]0.029s | Mesh:8000 |
Step:63/350000 | Phi:2[2]0.677s | Syn:2[59]0.093s | Tub:2[43]0.030s | Mesh:8000 |
Step:64/350000 | Phi:2[1]0.308s | Syn:2[59]0.092s | Tub:2[43]0.030s | Mesh:8000 |
Step:65/350000 | Phi:2[1]0.308s | Syn:2[59]0.092s | Tub:2[43]0.030s | Mesh:8000 |
Step:66/350000 | Phi:2[1]0.307s | Syn:2[59]0.092s | Tub:2[43]0.030s | Mesh:8000 |
Step:67/350000 | Phi:2[1]0.306s | Syn:2[59]0.092s | Tub:2[43]0.030s | Mesh:8000 |
Step:68/350000 | Phi:2[1]0.309s | Syn:2[59]0.094s | Tub:2[43]0.030s | Mesh:8000 |
Step:69/350000 | Phi:2[1]0.309s | Syn:2[59]0.093s | Tub:2[43]0.031s | Mesh:8000 |
Step:70/350000 | Phi:2[1]0.309s | Syn:2[59]0.093s | Tub:2[43]0.031s | Mesh:8000 |
Step:71/350000 | Phi:2[1]0.306s | Syn:2[59]0.093s | Tub:2[43]0.031s | Mesh:8000 |
Step:72/350000 | Phi:2[1]0.306s | Syn:2[58]0.092s | Tub:2[43]0.029s | Mesh:8000 |
Step:73/350000 | Phi:2[2]0.560s | Syn:2[58]0.093s | Tub:2[43]0.202s | Mesh:8000 |
Step:74/350000 | Phi:2[1]0.309s | Syn:2[58]0.092s | Tub:2[43]0.030s | Mesh:8000 |
Step:75/350000 | Phi:2[1]0.307s | Syn:2[58]0.092s | Tub:2[43]0.030s | Mesh:8000 |
Step:76/350000 | Phi:2[2]0.608s | Syn:2[58]0.388s | Tub:2[43]0.028s | Mesh:8000 |
Step:77/350000 | Phi:2[1]0.312s | Syn:2[58]0.093s | Tub:2[43]0.031s | Mesh:8000 |
Step:78/350000 | Phi:2[2]0.556s | Syn:2[58]0.092s | Tub:2[43]0.028s | Mesh:8000 |
Step:79/350000 | Phi:2[2]0.813s | Syn:2[58]0.092s | Tub:2[43]0.029s | Mesh:8000 |
Step:80/350000 | Phi:2[1]0.309s | Syn:2[58]0.091s | Tub:2[43]0.314s | Mesh:8000 |
Step:81/350000 | Phi:2[2]5.906s | Syn:2[58]1.078s | Tub:2[42]0.028s | Mesh:8000 |
Step:82/350000 | Phi:2[1]0.311s | Syn:2[58]0.091s | Tub:2[42]0.029s | Mesh:8000 |
Step:83/350000 | Phi:2[2]0.561s | Syn:2[58]0.091s | Tub:2[42]0.029s | Mesh:8000 |
Step:84/350000 | Phi:2[1]0.309s | Syn:2[57]0.089s | Tub:2[42]0.029s | Mesh:8000 |
Step:85/350000 | Phi:2[1]0.308s | Syn:2[57]0.090s | Tub:2[42]0.030s | Mesh:8000 |
Step:86/350000 | Phi:2[2]0.555s | Syn:2[57]0.475s | Tub:2[42]0.028s | Mesh:8000 |
Step:87/350000 | Phi:2[2]0.557s | Syn:2[57]0.091s | Tub:2[42]0.029s | Mesh:8000 |
Step:88/350000 | Phi:2[1]0.308s | Syn:2[57]0.091s | Tub:2[42]0.029s | Mesh:8000 |
